[2024-01-14 00:00:01,234] {scheduler_job_runner.py:1876} INFO - Heartbeat for scheduler-1 (PID 1234)
[2024-01-14 00:00:05,567] {dag_processing.py:198} INFO - Parsing 5 files in /opt/airflow/dags
[2024-01-14 00:00:10,890] {dag_processing.py:456} INFO - Parsed DAG etl_pipeline with 4 tasks
[2024-01-14 00:00:12,123] {scheduler_job_runner.py:1234} INFO - Creating DagRun for etl_pipeline: scheduled__2024-01-14T00:00:00+00:00
[2024-01-14 00:00:15,456] {executor_loader.py:234} INFO - Sending TaskInstanceKey(dag_id='etl_pipeline', task_id='extract_data', run_id='scheduled__2024-01-14T00:00:00+00:00', try_number=1, map_index=-1) to executor with priority 1 and queue default
[2024-01-14 00:20:30,789] {executor_loader.py:234} INFO - Sending TaskInstanceKey(dag_id='etl_pipeline', task_id='transform_data', run_id='scheduled__2024-01-14T00:00:00+00:00', try_number=1, map_index=-1) to executor with priority 1 and queue default
[2024-01-14 01:00:10,012] {executor_loader.py:234} INFO - Sending TaskInstanceKey(dag_id='etl_pipeline', task_id='load_data', run_id='scheduled__2024-01-14T00:00:00+00:00', try_number=1, map_index=-1) to executor with priority 1 and queue default
[2024-01-14 01:30:15,345] {executor_loader.py:234} INFO - Sending TaskInstanceKey(dag_id='etl_pipeline', task_id='validate_data', run_id='scheduled__2024-01-14T00:00:00+00:00', try_number=1, map_index=-1) to executor with priority 1 and queue default
[2024-01-14 02:15:05,678] {dataset_manager.py:120} INFO - Dataset event recorded: uri=/data/raw_input.csv source=etl_pipeline.extract_data
[2024-01-14 02:30:00,901] {scheduler_job_runner.py:1234} INFO - Creating DagRun for data_quality: dataset_triggered__2024-01-14T02:30:00+00:00 (triggered by dataset /data/raw_input.csv)
[2024-01-14 02:30:15,234] {executor_loader.py:234} INFO - Sending TaskInstanceKey(dag_id='data_quality', task_id='check_completeness', run_id='dataset_triggered__2024-01-14T02:30:00+00:00', try_number=1, map_index=-1) to executor with priority 1 and queue default
[2024-01-14 02:45:10,567] {executor_loader.py:234} INFO - Sending TaskInstanceKey(dag_id='data_quality', task_id='check_accuracy', run_id='dataset_triggered__2024-01-14T02:30:00+00:00', try_number=1, map_index=-1) to executor with priority 1 and queue default
[2024-01-14 02:45:10,890] {executor_loader.py:234} INFO - Sending TaskInstanceKey(dag_id='data_quality', task_id='check_freshness', run_id='dataset_triggered__2024-01-14T02:30:00+00:00', try_number=1, map_index=-1) to executor with priority 1 and queue default
[2024-01-14 03:00:05,123] {dataset_manager.py:120} INFO - Dataset event recorded: uri=/data/features.parquet source=etl_pipeline.transform_data
[2024-01-14 12:00:01,456] {scheduler_job_runner.py:1876} INFO - Heartbeat for scheduler-1 (PID 1234)
[2024-01-15 00:00:01,789] {scheduler_job_runner.py:1876} INFO - Heartbeat for scheduler-1 (PID 1234)
[2024-01-15 00:00:05,012] {dag_processing.py:198} INFO - Parsing 5 files in /opt/airflow/dags
[2024-01-15 00:00:10,345] {dag_processing.py:456} INFO - Parsed DAG etl_pipeline with 4 tasks
[2024-01-15 00:01:12,678] {scheduler_job_runner.py:1234} INFO - Creating DagRun for etl_pipeline: scheduled__2024-01-15T00:00:00+00:00
[2024-01-15 00:01:15,901] {scheduler_job_runner.py:1300} INFO - Setting state of etl_pipeline.extract_data to scheduled for run scheduled__2024-01-15T00:00:00+00:00
[2024-01-15 00:01:16,678] {executor_loader.py:234} INFO - Sending TaskInstanceKey(dag_id='etl_pipeline', task_id='extract_data', run_id='scheduled__2024-01-15T00:00:00+00:00', try_number=1, map_index=-1) to executor with priority 1 and queue default
[2024-01-15 00:01:16,901] {executor_loader.py:256} INFO - Setting external_id for <TaskInstance: etl_pipeline.extract_data scheduled__2024-01-15T00:00:00+00:00 [queued]> to b742838e-81b0-4bd6-87d7-eb910f3c787c
[2024-01-15 00:01:44,234] {local_task_job.py:194} WARNING - Task etl_pipeline.extract_data received SIGTERM on worker-alpha due to hostname mismatch with worker-beta
[2024-01-15 00:20:30,567] {executor_loader.py:234} INFO - Sending TaskInstanceKey(dag_id='etl_pipeline', task_id='transform_data', run_id='scheduled__2024-01-15T00:00:00+00:00', try_number=1, map_index=-1) to executor with priority 1 and queue default
[2024-01-15 01:00:10,890] {executor_loader.py:234} INFO - Sending TaskInstanceKey(dag_id='etl_pipeline', task_id='load_data', run_id='scheduled__2024-01-15T00:00:00+00:00', try_number=1, map_index=-1) to executor with priority 1 and queue default
[2024-01-15 01:30:15,123] {executor_loader.py:234} INFO - Sending TaskInstanceKey(dag_id='etl_pipeline', task_id='validate_data', run_id='scheduled__2024-01-15T00:00:00+00:00', try_number=1, map_index=-1) to executor with priority 1 and queue default
[2024-01-15 02:15:05,456] {dataset_manager.py:120} INFO - Dataset event recorded: uri=/data/raw_input.csv source=etl_pipeline.extract_data
[2024-01-15 06:00:30,789] {executor_loader.py:234} INFO - Sending TaskInstanceKey(dag_id='data_quality', task_id='check_completeness', run_id='dataset_triggered__2024-01-15T06:00:00+00:00', try_number=1, map_index=-1) to executor with priority 1 and queue default
[2024-01-15 06:30:45,012] {local_task_job.py:162} ERROR - Task data_quality.check_completeness failed with exception: ConnectionError: upstream data source unreachable
[2024-01-15 06:30:46,345] {scheduler_job_runner.py:1400} INFO - Setting task data_quality.check_completeness to up_for_retry (attempt 1/3, retry delay 300s)
[2024-01-15 12:00:01,678] {scheduler_job_runner.py:1876} INFO - Heartbeat for scheduler-1 (PID 1234)
[2024-01-16 00:00:01,901] {scheduler_job_runner.py:1876} INFO - Heartbeat for scheduler-1 (PID 1234)
[2024-01-16 00:00:10,234] {dag_processing.py:456} INFO - Parsed DAG report_generator with 3 tasks
[2024-01-16 00:00:12,567] {scheduler_job_runner.py:1234} INFO - Creating DagRun for report_generator: scheduled__2024-01-16T00:00:00+00:00
[2024-01-16 00:00:20,890] {executor_loader.py:234} INFO - Sending TaskInstanceKey(dag_id='report_generator', task_id='aggregate_metrics', run_id='scheduled__2024-01-16T00:00:00+00:00', try_number=1, map_index=-1) to executor with priority 1 and queue default
[2024-01-16 00:30:10,123] {executor_loader.py:234} INFO - Sending TaskInstanceKey(dag_id='report_generator', task_id='render_report', run_id='scheduled__2024-01-16T00:00:00+00:00', try_number=1, map_index=-1) to executor with priority 1 and queue default
[2024-01-16 12:00:01,456] {scheduler_job_runner.py:1876} INFO - Heartbeat for scheduler-1 (PID 1234)
[2024-01-17 00:00:01,789] {scheduler_job_runner.py:1876} INFO - Heartbeat for scheduler-1 (PID 1234)
[2024-01-17 00:00:05,012] {dag_processing.py:198} INFO - Parsing 5 files in /opt/airflow/dags
[2024-01-17 00:00:10,345] {dag_processing.py:456} INFO - Parsed DAG etl_pipeline with 4 tasks
[2024-01-17 00:00:12,678] {scheduler_job_runner.py:1234} INFO - Creating DagRun for etl_pipeline: scheduled__2024-01-17T00:00:00+00:00
[2024-01-17 00:00:15,901] {executor_loader.py:234} INFO - Sending TaskInstanceKey(dag_id='etl_pipeline', task_id='extract_data', run_id='scheduled__2024-01-17T00:00:00+00:00', try_number=1, map_index=-1) to executor with priority 1 and queue default
[2024-01-17 00:20:30,234] {executor_loader.py:234} INFO - Sending TaskInstanceKey(dag_id='etl_pipeline', task_id='transform_data', run_id='scheduled__2024-01-17T00:00:00+00:00', try_number=1, map_index=-1) to executor with priority 1 and queue default
[2024-01-17 01:00:10,567] {executor_loader.py:234} INFO - Sending TaskInstanceKey(dag_id='etl_pipeline', task_id='load_data', run_id='scheduled__2024-01-17T00:00:00+00:00', try_number=1, map_index=-1) to executor with priority 1 and queue default
[2024-01-17 02:15:05,890] {dataset_manager.py:120} INFO - Dataset event recorded: uri=/data/raw_input.csv source=etl_pipeline.extract_data
[2024-01-17 07:55:01,123] {scheduler_job_runner.py:1876} INFO - Heartbeat for scheduler-1 (PID 1234)
