Step 1/7 : FROM golang:1.21-alpine
 ---> b2c3d4e5f6g7
Step 2/7 : WORKDIR /app
 ---> Using cache
 ---> h8i9j0k1l2m3
Step 3/7 : COPY go.mod go.sum ./
 ---> n4o5p6q7r8s9
Step 4/7 : RUN go mod download
 ---> Running in t0u1v2w3x4y5
go: downloading github.com/google/gopacket v1.1.19
go: downloading github.com/sirupsen/logrus v1.9.3
go: downloading golang.org/x/sys v0.15.0
Step 5/7 : COPY . .
 ---> z6a7b8c9d0e1
Step 6/7 : ENV CGO_ENABLED=0
 ---> Running in f2g3h4i5j6k7
Step 7/7 : RUN go build -o /app/sniffer ./cmd/sniffer
 ---> Running in l8m9n0o1p2q3
package github.com/netwatch/sniffer/cmd/sniffer
	imports github.com/google/gopacket
	imports github.com/google/gopacket/layers
	imports github.com/google/gopacket/pcap: build constraints exclude all Go files in /go/pkg/mod/github.com/google/gopacket@v1.1.19/pcap
The command '/bin/sh -c go build -o /app/sniffer ./cmd/sniffer' returned a non-zero code: 1
