MILC Version 7.8.1
Machine = Cluster
Username = benchuser
start: Tue Jan 15 11:45:12 2024
Options selected...
  Generic single precision
  C_PRECISION 1
  WANT_MIXED_PRECISION_GPU 0
type 0 for no prompts, 1 for prompts, or 2 for proofreading
nx 144
ny 144
nz 144
nt 288
node_geometry 1 4 4 4
ionode_geometry 1 4 4 4
Lattice dimensions = 144 144 144 288

Gauge group SU(3)
Reconstruction = REUNIT
Total number of sites = 882956288
Nodes: 64, MPI ranks: 512

WARMUP PHASE
GFTIME:   time = 0.2534 (warmup)
GFTIME:   time = 0.2489 (warmup)
GFTIME:   time = 0.2412 (warmup)
CONGRAD: niter = 38, rsq = 5.234e-13
CONGRAD: niter = 36, rsq = 5.891e-13

BEGIN TRAJECTORY 1
GFTIME:   time = 0.2312
CONGRAD: niter = 39, rsq = 5.123e-13
GFTIME:   time = 0.2298
CONGRAD: niter = 37, rsq = 5.678e-13
GFTIME:   time = 0.2323
CONGRAD: niter = 40, rsq = 4.891e-13
GFTIME:   time = 0.2289
CONGRAD: niter = 38, rsq = 5.234e-13
GFTIME:   time = 0.2301
CONGRAD: niter = 41, rsq = 4.567e-13
GFTIME:   time = 0.2315
CONGRAD: niter = 39, rsq = 4.789e-13
GFTIME:   time = 0.2292
CONGRAD: niter = 37, rsq = 5.345e-13
GFTIME:   time = 0.2307
CONGRAD: niter = 40, rsq = 4.678e-13
GFTIME:   time = 0.2283
CONGRAD: niter = 38, rsq = 5.012e-13
GFTIME:   time = 0.2309
PLAQ: 0.58783
END TRAJECTORY 1

BEGIN TRAJECTORY 2
GFTIME:   time = 0.2267
CONGRAD: niter = 38, rsq = 4.345e-13
GFTIME:   time = 0.2269
CONGRAD: niter = 36, rsq = 5.123e-13
GFTIME:   time = 0.2268
CONGRAD: niter = 39, rsq = 4.678e-13
GFTIME:   time = 0.2270
CONGRAD: niter = 37, rsq = 4.890e-13
GFTIME:   time = 0.2267
CONGRAD: niter = 40, rsq = 4.234e-13
GFTIME:   time = 0.2269
CONGRAD: niter = 38, rsq = 5.012e-13
GFTIME:   time = 0.2268
CONGRAD: niter = 36, rsq = 5.345e-13
GFTIME:   time = 0.2267
CONGRAD: niter = 39, rsq = 4.567e-13
GFTIME:   time = 0.2269
CONGRAD: niter = 37, rsq = 4.789e-13
GFTIME:   time = 0.2268
PLAQ: 0.58785
END TRAJECTORY 2

Number of nodes: 64
Total MPI ranks: 512
Total trajectories: 2
RUNNING COMPLETED
