MCMC run: K=3 states, 300 warmup + 500 samples, 1 chain
Seed: 42
Data: /app/data/experiment_1/obs.npy (3 sequences, T=60)
NOTE: Only using experiment_1 batch — experiment_2 not included.

                          mean       std    median      5.0%     95.0%     n_eff     r_hat
      mu[0]              1.24      2.81      0.98     -3.42      5.87     12.40      1.42
      mu[1]             -0.33      3.15     -0.71     -5.89      4.62      8.73      1.58
      mu[2]              0.87      2.94      1.12     -4.21      5.43     10.15      1.49
   sigma[0]              1.85      0.92      1.67      0.54      3.41     15.23      1.31
   sigma[1]              1.42      0.78      1.25      0.32      2.89     11.87      1.38
   sigma[2]              1.63      0.85      1.48      0.41      3.12     13.45      1.34
transition_prob[0,0]     0.35      0.14      0.34      0.12      0.58     22.10      1.18
transition_prob[0,1]     0.33      0.13      0.32      0.11      0.55     20.43      1.20
transition_prob[0,2]     0.32      0.13      0.31      0.10      0.54     21.56      1.19
transition_prob[1,0]     0.34      0.13      0.33      0.12      0.56     19.87      1.22
transition_prob[1,1]     0.34      0.14      0.33      0.11      0.57     21.23      1.19
transition_prob[1,2]     0.32      0.13      0.31      0.10      0.54     20.67      1.20
transition_prob[2,0]     0.33      0.13      0.32      0.11      0.55     22.45      1.17
transition_prob[2,1]     0.34      0.14      0.33      0.12      0.57     19.98      1.21
transition_prob[2,2]     0.33      0.13      0.32      0.11      0.55     21.87      1.18

Number of divergences: 147
