2024-03-15T10:35:00.0000000Z ##[group]Run actions/checkout@v4
2024-03-15T10:35:00.0000001Z with:
2024-03-15T10:35:00.0000002Z   repository: myproject/engine
2024-03-15T10:35:00.0000003Z   ref: a1b2c3d4e5f6
2024-03-15T10:35:05.0000000Z ##[endgroup]
2024-03-15T10:35:06.0000000Z ##[group]Configure matrix: Debug, GCC 13
2024-03-15T10:35:07.0000000Z Using compiler: g++-13
2024-03-15T10:35:08.0000000Z Build type: Debug
2024-03-15T10:35:09.0000000Z ##[endgroup]
2024-03-15T10:35:15.0000000Z -- Configuring done
2024-03-15T10:35:15.0000001Z -- Generating done
2024-03-15T10:35:20.0000000Z [ 20%] Building CXX object src/CMakeFiles/engine.dir/engine.cpp.o
2024-03-15T10:35:25.0000000Z /home/runner/work/engine/src/engine.cpp:70:20: error: aggregate 'NetworkManager nm' has incomplete type and cannot be defined
2024-03-15T10:35:25.0000001Z     NetworkManager nm;
2024-03-15T10:35:25.0000002Z                    ^~
2024-03-15T10:35:25.0000003Z In file included from /home/runner/work/engine/src/engine.cpp:1:
2024-03-15T10:35:25.0000004Z In file included from /home/runner/work/engine/include/engine.h:5:
2024-03-15T10:35:25.0000005Z /home/runner/work/engine/include/types.h:22:7: note: forward declaration of 'class NetworkManager'
2024-03-15T10:35:25.0000006Z class NetworkManager;  // forward declaration
2024-03-15T10:35:25.0000007Z       ^
2024-03-15T10:35:28.0000000Z /home/runner/work/engine/src/engine.cpp:75:5: error: no type named 'value_type' in 'struct std::iterator_traits<int>'
2024-03-15T10:35:28.0000001Z     std::iterator_traits<int>::value_type val = 0;
2024-03-15T10:35:28.0000002Z     ^~~~~~~~~~~~~~~~~~~~~~~~~~~~~~~~~~~~~~~~~
2024-03-15T10:35:30.0000000Z /home/runner/work/engine/src/engine.cpp:80:1: error: static assertion failed: Platform must support 64-bit integers
2024-03-15T10:35:30.0000001Z static_assert(sizeof(int) >= 8, "Platform must support 64-bit integers");
2024-03-15T10:35:30.0000002Z ^             ~~~~~~~~~~~~~~~~
2024-03-15T10:35:33.0000000Z [ 35%] Building CXX object src/CMakeFiles/engine.dir/network.cpp.o
2024-03-15T10:35:36.0000000Z In file included from /home/runner/work/engine/src/network.cpp:1:
2024-03-15T10:35:36.0000001Z In file included from /home/runner/work/engine/include/network.h:4:
2024-03-15T10:35:36.0000002Z /home/runner/work/engine/include/types.h:22:7: note: forward declaration of 'class NetworkManager'
2024-03-15T10:35:36.0000003Z /home/runner/work/engine/src/network.cpp:30:16: error: incomplete type 'NetworkManager' named in nested name specifier
2024-03-15T10:35:36.0000004Z     auto mgr = NetworkManager::create();
2024-03-15T10:35:36.0000005Z                ^~~~~~~~~~~~~~~
2024-03-15T10:35:38.0000000Z make[2]: *** [src/CMakeFiles/engine.dir/build.make:76: src/CMakeFiles/engine.dir/engine.cpp.o] Error 1
2024-03-15T10:35:38.0000001Z make[1]: *** [CMakeFiles/Makefile2:83: src/CMakeFiles/engine.dir/all] Error 2
2024-03-15T10:35:38.0000002Z make: *** [Makefile:91: all] Error 2
2024-03-15T10:35:38.0000003Z ##[error]Process completed with exit code 2.
