2024-03-15T10:23:45.1234567Z ##[group]Run actions/checkout@v4
2024-03-15T10:23:45.1234568Z with:
2024-03-15T10:23:45.1234569Z   repository: myproject/engine
2024-03-15T10:23:45.1234570Z   ref: a1b2c3d4e5f6
2024-03-15T10:23:50.0000000Z ##[endgroup]
2024-03-15T10:23:51.0000000Z ##[group]Set up build environment
2024-03-15T10:23:52.0000000Z apt-get update && apt-get install -y build-essential cmake ninja-build
2024-03-15T10:23:55.0000000Z Setting up build-essential (12.10ubuntu1) ...
2024-03-15T10:23:55.0000001Z Done.
2024-03-15T10:23:55.0000002Z ##[endgroup]
2024-03-15T10:24:00.0000000Z -- The CXX compiler identification is GNU 13.2.0
2024-03-15T10:24:00.0000001Z -- Configuring done (0.8s)
2024-03-15T10:24:00.0000002Z -- Generating done (0.1s)
2024-03-15T10:24:00.0000003Z -- Build files have been written to: /home/runner/work/engine/build
2024-03-15T10:24:01.0000000Z [  3%] Building CXX object src/CMakeFiles/engine.dir/network.cpp.o
2024-03-15T10:24:05.0000000Z In file included from /home/runner/work/engine/src/network.cpp:1:
2024-03-15T10:24:05.0000001Z In file included from /home/runner/work/engine/include/network.h:4:
2024-03-15T10:24:05.0000002Z /home/runner/work/engine/include/types.h:22:7: note: forward declaration of 'NetworkManager'
2024-03-15T10:24:05.0000003Z /home/runner/work/engine/src/network.cpp:30:16: error: incomplete type 'NetworkManager' named in nested name specifier
2024-03-15T10:24:05.0000004Z     auto mgr = NetworkManager::create();
2024-03-15T10:24:05.0000005Z                ^~~~~~~~~~~~~~~
2024-03-15T10:24:10.0000000Z [ 12%] Building CXX object src/CMakeFiles/engine.dir/engine.cpp.o
2024-03-15T10:24:15.0000000Z /home/runner/work/engine/src/engine.cpp:31:14: warning: unused variable 'checksum' [-Wunused-variable]
2024-03-15T10:24:15.0000001Z     uint32_t checksum = util::crc32(input.data(), input.size());
2024-03-15T10:24:15.0000002Z              ^~~~~~~~
2024-03-15T10:24:20.0000000Z /home/runner/work/engine/src/engine.cpp:58:25: error: invalid conversion from 'int*' to 'const char*' [-fpermissive]
2024-03-15T10:24:20.0000001Z     const char* name = ENGINE_CAST(raw_ptr);
2024-03-15T10:24:20.0000002Z                         ^~~~~~~~~~~~~~~~~~~~
2024-03-15T10:24:20.0000003Z /home/runner/work/engine/include/engine.h:7:42: note: in definition of macro 'ENGINE_CAST'
2024-03-15T10:24:20.0000004Z  #define ENGINE_CAST(ptr) static_cast<int*>(ptr)
2024-03-15T10:24:20.0000005Z                                          ^~~
2024-03-15T10:24:25.0000000Z make[2]: *** [src/CMakeFiles/engine.dir/build.make:76: src/CMakeFiles/engine.dir/network.cpp.o] Error 1
2024-03-15T10:24:25.0000001Z make[1]: *** [CMakeFiles/Makefile2:83: src/CMakeFiles/engine.dir/all] Error 2
2024-03-15T10:24:25.0000002Z make: *** [Makefile:91: all] Error 2
2024-03-15T10:24:25.0000003Z ##[error]Process completed with exit code 2.
