SQL> SET LINESIZE 200
SQL> SET PAGESIZE 100
SQL> SELECT PGA_TARGET_FOR_ESTIMATE, PGA_TARGET_FACTOR, ADVICE_STATUS,
  2         ESTD_EXTRA_BYTES_RW, ESTD_PGA_CACHE_HIT_PERCENTAGE, ESTD_OVERALLOC_COUNT
  3  FROM V$PGA_TARGET_ADVICE
  4  ORDER BY PGA_TARGET_FOR_ESTIMATE;

PGA_TARGET_FOR_ESTIMATE PGA_TARGET_FACTOR ADVICE_STATUS ESTD_EXTRA_BYTES_RW ESTD_PGA_CACHE_HIT_PERCENTAGE ESTD_OVERALLOC_COUNT
----------------------- ----------------- ------------- ------------------- ----------------------------- --------------------
              134217728            .5000 ON                     2621440000                          35.0                  200
              268435456           1.0000 ON                      891289600                          62.5                   45
              402653184           1.5000 ON                      314572800                          82.0                   10
              536870912           2.0000 ON                       52428800                          95.0                    0
              805306368           3.0000 ON                        2097152                          99.2                    0
             1073741824           4.0000 ON                         524288                          99.8                    0

6 rows selected.

SQL> spool off
